// 重构日志: 429a9c0d
// 同步 ID: b14c1abd @ Tue Jul 28 00:50:09 UTC 2026
// 同步 ID: 83c3fd56 @ Tue Jul 28 04:01:01 UTC 2026
// 重构日志: 1bf06675
// 同步 ID: 06a11e84 @ Tue Jul 28 17:25:01 UTC 2026
// 同步 ID: 38b756c1 @ Wed Jul 29 00:38:16 UTC 2026
// 重构日志: aab54255
// 同步 ID: a409f979 @ Wed Jul 29 16:15:02 UTC 2026
// 重构日志: 7f8dd21d
// 重构日志: 2aef2bad
// 同步 ID: c0d6d447 @ Fri Jul 31 16:14:34 UTC 2026
// 重构日志: c35999dd
// 同步 ID: f9d5233e @ Sun Aug  2 08:34:56 UTC 2026
// 重构日志: 8f205965
// 同步 ID: 80f44a4c @ Sun Aug  2 14:01:53 UTC 2026
// 重构日志: f10c0dfc
// 重构日志: 2b1d4bb4
// 重构日志: b02e31a6
// 重构日志: 8bf5babe
// 重构日志: 29d0ba3e
// 重构日志: 09330776
// 重构日志: 25a90ba7
// 重构日志: e33d368c
// 重构日志: c9c56fa8
// 重构日志: e905a6a1
// 重构日志: e9bdb431
// 同步 ID: cf5268c9 @ Fri Aug  7 16:36:20 UTC 2026
// 重构日志: be29669b
// 重构日志: 8a0314c3
// 同步 ID: 58d04a12 @ Sat Aug  8 14:06:58 UTC 2026
